Removed Pin From Net: NetName=M2_DigIN1 Pin=J5-1
Removed Pin From Net: NetName=M2_DigIN2 Pin=J5-2
Removed Pin From Net: NetName=M2_DigIO3 Pin=J5-3
Removed Pin From Net: NetName=M2_DigIO4 Pin=J5-4
Removed Pin From Net: NetName=GND Pin=J5-5
Removed Pin From Net: NetName=GND Pin=J5-6
Removed Pin From Net: NetName=M3_DigIN1 Pin=J8-1
Removed Pin From Net: NetName=M3_DigIN2 Pin=J8-2
Removed Pin From Net: NetName=M3_DigIO3 Pin=J8-3
Removed Pin From Net: NetName=M3_DigIO4 Pin=J8-4
Removed Pin From Net: NetName=GND Pin=J8-5
Removed Pin From Net: NetName=GND Pin=J8-6
Added Pin To Net: NetName=GND Pin=J5-1
Added Pin To Net: NetName=GND Pin=J5-2
Added Pin To Net: NetName=M2_DigIN1 Pin=J5-3
Added Pin To Net: NetName=M2_DigIN2 Pin=J5-4
Added Pin To Net: NetName=M2_DigIO3 Pin=J5-5
Added Pin To Net: NetName=M2_DigIO4 Pin=J5-6
Added Pin To Net: NetName=GND Pin=J8-1
Added Pin To Net: NetName=GND Pin=J8-2
Added Pin To Net: NetName=M3_DigIN1 Pin=J8-3
Added Pin To Net: NetName=M3_DigIN2 Pin=J8-4
Added Pin To Net: NetName=M3_DigIO3 Pin=J8-5
Added Pin To Net: NetName=M3_DigIO4 Pin=J8-6
