Removed Pin From Net: NetName=SDA_2 Pin=R4-1
Removed Pin From Net: NetName=+3V3 Pin=R4-2
Removed Pin From Net: NetName=SCL_2 Pin=R5-1
Removed Pin From Net: NetName=+3V3 Pin=R5-2
Removed Member From Class: ClassName=ESP_Batt_Board Member=MH1
Removed Member From Class: ClassName=ESP_Batt_Board Member=MH2
Removed Member From Class: ClassName=ESP_Batt_Board Member=MH3
Removed Member From Class: ClassName=ESP_Batt_Board Member=MH4
Removed Member From Class: ClassName=ESP_Batt_Board Member=R4
Removed Member From Class: ClassName=ESP_Batt_Board Member=R5
Add Component: Footprint Not Found CAP_0805
Add Component: Footprint Not Found CAP_0805
Add Pin To Net: Unknown Pin: Pin C1-1
Add Pin To Net: Unknown Pin: Pin C1-2
Add Pin To Net: Unknown Pin: Pin C2-1
Add Pin To Net: Unknown Pin: Pin C2-2
Added Pin To Net: NetName=GND Pin=J1-7
Added Pin To Net: NetName=GND Pin=J1-8
Add Class Member: Failed to add class member : Component C1 C2012X5R1E106K125AB
Add Class Member: Failed to add class member : Component C2 GRM21BR61E226ME44
