Removed Pin From Net: NetName=GND Pin=C2-2
Removed Pin From Net: NetName=GND Pin=C3-2
Removed Pin From Net: NetName=GND Pin=D2-2
Removed Pin From Net: NetName=GND Pin=D3-2
Removed Pin From Net: NetName=GND Pin=D6-1
Removed Pin From Net: NetName=GND Pin=D7-1
Removed Pin From Net: NetName=GND Pin=D8-1
Removed Pin From Net: NetName=GND Pin=D9-1
Removed Pin From Net: NetName=+10V Pin=F2-1
Removed Pin From Net: NetName=+10V Pin=F3-1
Removed Pin From Net: NetName=GND Pin=J6-4
Removed Pin From Net: NetName=GND Pin=J7-6
Removed Pin From Net: NetName=GND Pin=J8-7
Removed Pin From Net: NetName=GND Pin=J8-8
Removed Pin From Net: NetName=GND Pin=J10-4
Removed Pin From Net: NetName=GND Pin=J11-6
Removed Pin From Net: NetName=GND Pin=J12-7
Removed Pin From Net: NetName=GND Pin=J12-8
Removed Pin From Net: NetName=GND Pin=TVS3-3
Removed Pin From Net: NetName=GND Pin=TVS4-3
Removed Pin From Net: NetName=GND Pin=TVS5-3
Removed Pin From Net: NetName=GND Pin=TVS6-3
Removed Pin From Net: NetName=GND Pin=U2-5
Removed Pin From Net: NetName=GND Pin=U2-18
Removed Pin From Net: NetName=GND Pin=U3-5
Removed Pin From Net: NetName=GND Pin=U3-18
Removed Member From Class: ClassName=Schematic Member=C2
Removed Member From Class: ClassName=Schematic Member=C3
Removed Member From Class: ClassName=Schematic Member=D2
Removed Member From Class: ClassName=Schematic Member=D3
Removed Member From Class: ClassName=Schematic Member=D6
Removed Member From Class: ClassName=Schematic Member=D7
Removed Member From Class: ClassName=Schematic Member=D8
Removed Member From Class: ClassName=Schematic Member=D9
Removed Member From Class: ClassName=Schematic Member=F2
Removed Member From Class: ClassName=Schematic Member=F3
Removed Member From Class: ClassName=Schematic Member=J5
Removed Member From Class: ClassName=Schematic Member=J6
Removed Member From Class: ClassName=Schematic Member=J7
Removed Member From Class: ClassName=Schematic Member=J8
Removed Member From Class: ClassName=Schematic Member=J9
Removed Member From Class: ClassName=Schematic Member=J10
Removed Member From Class: ClassName=Schematic Member=J11
Removed Member From Class: ClassName=Schematic Member=J12
Removed Member From Class: ClassName=Schematic Member=TVS3
Removed Member From Class: ClassName=Schematic Member=TVS4
Removed Member From Class: ClassName=Schematic Member=TVS5
Removed Member From Class: ClassName=Schematic Member=TVS6
Removed Member From Class: ClassName=Schematic Member=U2
Removed Member From Class: ClassName=Schematic Member=U3
